server/scripts/debug_scanner.ts(19,49): error TS2339: Property 'sniperSignals' does not exist on type '{ pipelineSignals: SignalRow[]; pipelineTraces: UnifiedTrace[]; marketRows: MarketRow[]; regimeLabel: string; }'.
server/scripts/debug_scanner.ts(19,89): error TS2339: Property 'breakoutSignals' does not exist on type '{ pipelineSignals: SignalRow[]; pipelineTraces: UnifiedTrace[]; marketRows: MarketRow[]; regimeLabel: string; }'.
server/scripts/debug_scanner.ts(20,22): error TS2339: Property 'sniperSignals' does not exist on type '{ pipelineSignals: SignalRow[]; pipelineTraces: UnifiedTrace[]; marketRows: MarketRow[]; regimeLabel: string; }'.
server/scripts/debug_scanner.ts(20,40): error TS7006: Parameter 's' implicitly has an 'any' type.
src/services/api.ts(3,32): error TS1343: The 'import.meta' meta-property is only allowed when the '--module' option is 'es2020', 'es2022', 'esnext', 'system', 'node16', 'node18', 'node20', or 'nodenext'.
src/services/api.ts(3,63): error TS1343: The 'import.meta' meta-property is only allowed when the '--module' option is 'es2020', 'es2022', 'esnext', 'system', 'node16', 'node18', 'node20', or 'nodenext'.
src/services/api.ts(3,75): error TS2339: Property 'env' does not exist on type 'ImportMeta'.
